Archive member included to satisfy reference by file (symbol)

c:/program files (x86)/embitz/1.11/share/em_armgcc/bin/../lib/gcc/arm-none-eabi/5.4.1/armv7e-m\libgcc.a(_arm_addsubsf3.o)
                              obj\debug\src\main.o (__aeabi_i2f)
c:/program files (x86)/embitz/1.11/share/em_armgcc/bin/../lib/gcc/arm-none-eabi/5.4.1/armv7e-m\libgcc.a(_arm_muldivsf3.o)
                              obj\debug\src\main.o (__aeabi_fmul)
c:/program files (x86)/embitz/1.11/share/em_armgcc/bin/../lib/gcc/arm-none-eabi/5.4.1/armv7e-m\libgcc.a(_arm_fixsfsi.o)
                              obj\debug\src\main.o (__aeabi_f2iz)
c:/program files (x86)/embitz/1.11/share/em_armgcc/bin/../lib/gcc/arm-none-eabi/5.4.1/../../../../arm-none-eabi/lib/armv7e-m\libg_n.a(lib_a-exit.o)
                              c:/program files (x86)/embitz/1.11/share/em_armgcc/bin/../lib/gcc/arm-none-eabi/5.4.1/../../../../arm-none-eabi/lib/armv7e-m/crt0.o (exit)
c:/program files (x86)/embitz/1.11/share/em_armgcc/bin/../lib/gcc/arm-none-eabi/5.4.1/../../../../arm-none-eabi/lib/armv7e-m\libg_n.a(lib_a-impure.o)
                              c:/program files (x86)/embitz/1.11/share/em_armgcc/bin/../lib/gcc/arm-none-eabi/5.4.1/../../../../arm-none-eabi/lib/armv7e-m\libg_n.a(lib_a-exit.o) (_global_impure_ptr)
c:/program files (x86)/embitz/1.11/share/em_armgcc/bin/../lib/gcc/arm-none-eabi/5.4.1/../../../../arm-none-eabi/lib/armv7e-m\libg_n.a(lib_a-init.o)
                              c:/program files (x86)/embitz/1.11/share/em_armgcc/bin/../lib/gcc/arm-none-eabi/5.4.1/../../../../arm-none-eabi/lib/armv7e-m/crt0.o (__libc_init_array)
c:/program files (x86)/embitz/1.11/share/em_armgcc/bin/../lib/gcc/arm-none-eabi/5.4.1/../../../../arm-none-eabi/lib/armv7e-m\libg_n.a(lib_a-memcpy-stub.o)
                              obj\debug\src\lcd.o (memcpy)
c:/program files (x86)/embitz/1.11/share/em_armgcc/bin/../lib/gcc/arm-none-eabi/5.4.1/../../../../arm-none-eabi/lib/armv7e-m\libg_n.a(lib_a-memset.o)
                              c:/program files (x86)/embitz/1.11/share/em_armgcc/bin/../lib/gcc/arm-none-eabi/5.4.1/../../../../arm-none-eabi/lib/armv7e-m/crt0.o (memset)
c:/program files (x86)/embitz/1.11/share/em_armgcc/bin/../lib/gcc/arm-none-eabi/5.4.1/../../../../arm-none-eabi/lib/armv7e-m\libg_n.a(lib_a-printf.o)
                              obj\debug\src\main.o (printf)
c:/program files (x86)/embitz/1.11/share/em_armgcc/bin/../lib/gcc/arm-none-eabi/5.4.1/../../../../arm-none-eabi/lib/armv7e-m\libg_n.a(lib_a-setbuf.o)
                              obj\debug\src\30021_io.o (setbuf)
c:/program files (x86)/embitz/1.11/share/em_armgcc/bin/../lib/gcc/arm-none-eabi/5.4.1/../../../../arm-none-eabi/lib/armv7e-m\libg_n.a(lib_a-setvbuf.o)
                              c:/program files (x86)/embitz/1.11/share/em_armgcc/bin/../lib/gcc/arm-none-eabi/5.4.1/../../../../arm-none-eabi/lib/armv7e-m\libg_n.a(lib_a-setbuf.o) (setvbuf)
c:/program files (x86)/embitz/1.11/share/em_armgcc/bin/../lib/gcc/arm-none-eabi/5.4.1/../../../../arm-none-eabi/lib/armv7e-m\libg_n.a(lib_a-fflush.o)
                              c:/program files (x86)/embitz/1.11/share/em_armgcc/bin/../lib/gcc/arm-none-eabi/5.4.1/../../../../arm-none-eabi/lib/armv7e-m\libg_n.a(lib_a-setvbuf.o) (_fflush_r)
c:/program files (x86)/embitz/1.11/share/em_armgcc/bin/../lib/gcc/arm-none-eabi/5.4.1/../../../../arm-none-eabi/lib/armv7e-m\libg_n.a(lib_a-findfp.o)
                              c:/program files (x86)/embitz/1.11/share/em_armgcc/bin/../lib/gcc/arm-none-eabi/5.4.1/../../../../arm-none-eabi/lib/armv7e-m\libg_n.a(lib_a-printf.o) (__sinit)
c:/program files (x86)/embitz/1.11/share/em_armgcc/bin/../lib/gcc/arm-none-eabi/5.4.1/../../../../arm-none-eabi/lib/armv7e-m\libg_n.a(lib_a-fwalk.o)
                              c:/program files (x86)/embitz/1.11/share/em_armgcc/bin/../lib/gcc/arm-none-eabi/5.4.1/../../../../arm-none-eabi/lib/armv7e-m\libg_n.a(lib_a-findfp.o) (_fwalk)
c:/program files (x86)/embitz/1.11/share/em_armgcc/bin/../lib/gcc/arm-none-eabi/5.4.1/../../../../arm-none-eabi/lib/armv7e-m\libg_n.a(lib_a-makebuf.o)
                              c:/program files (x86)/embitz/1.11/share/em_armgcc/bin/../lib/gcc/arm-none-eabi/5.4.1/../../../../arm-none-eabi/lib/armv7e-m\libg_n.a(lib_a-setvbuf.o) (__swhatbuf_r)
c:/program files (x86)/embitz/1.11/share/em_armgcc/bin/../lib/gcc/arm-none-eabi/5.4.1/../../../../arm-none-eabi/lib/armv7e-m\libg_n.a(lib_a-malloc.o)
                              c:/program files (x86)/embitz/1.11/share/em_armgcc/bin/../lib/gcc/arm-none-eabi/5.4.1/../../../../arm-none-eabi/lib/armv7e-m\libg_n.a(lib_a-setvbuf.o) (malloc)
c:/program files (x86)/embitz/1.11/share/em_armgcc/bin/../lib/gcc/arm-none-eabi/5.4.1/../../../../arm-none-eabi/lib/armv7e-m\libg_n.a(lib_a-nano-freer.o)
                              c:/program files (x86)/embitz/1.11/share/em_armgcc/bin/../lib/gcc/arm-none-eabi/5.4.1/../../../../arm-none-eabi/lib/armv7e-m\libg_n.a(lib_a-setvbuf.o) (_free_r)
[...]
Memory Configuration

Name             Origin             Length             Attributes
ROM              0x08000000         0x00010000         xr
RAM              0x20000000         0x00004000         xrw
*default*        0x00000000         0xffffffff

Linker script and memory map

LOAD c:/program files (x86)/embitz/1.11/share/em_armgcc/bin/../lib/gcc/arm-none-eabi/5.4.1/armv7e-m/crti.o
LOAD c:/program files (x86)/embitz/1.11/share/em_armgcc/bin/../lib/gcc/arm-none-eabi/5.4.1/armv7e-m/crtbegin.o
LOAD c:/program files (x86)/embitz/1.11/share/em_armgcc/bin/../lib/gcc/arm-none-eabi/5.4.1/../../../../arm-none-eabi/lib/armv7e-m/crt0.o
                0x00000000                __HEAP_SIZE = 0x0
                0x00000100                __STACK_SIZE = 0x100

.text           0x08000000     0x2870
 *(.isr_vector)
 .isr_vector    0x08000000      0x188 obj\debug\src\startup_stm32f30x.o
                0x08000000                __isr_vector
 *(.text*)
 .text          0x08000188       0x5c c:/program files (x86)/embitz/1.11/share/em_armgcc/bin/../lib/gcc/arm-none-eabi/5.4.1/armv7e-m/crtbegin.o
 .text          0x080001e4       0x74 c:/program files (x86)/embitz/1.11/share/em_armgcc/bin/../lib/gcc/arm-none-eabi/5.4.1/../../../../arm-none-eabi/lib/armv7e-m/crt0.o
                0x080001e4                _start
                0x080001e4                _mainCRTStartup
 .text.ADC_RegularChannelConfig
                0x08000258      0x1f0 obj\debug\spl\src\stm32f30x_adc.o
                0x08000258                ADC_RegularChannelConfig
 .text.ADC_StartConversion
                0x08000448       0x20 obj\debug\spl\src\stm32f30x_adc.o
                0x08000448                ADC_StartConversion
 .text.ADC_GetConversionValue
                0x08000468       0x18 obj\debug\spl\src\stm32f30x_adc.o
                0x08000468                ADC_GetConversionValue
 .text.ADC_GetFlagStatus
                0x08000480       0x30 obj\debug\spl\src\stm32f30x_adc.o
                0x08000480                ADC_GetFlagStatus
 .text.RCC_GetClocksFreq
                0x080004b0      0x414 obj\debug\spl\src\stm32f30x_rcc.o
                0x080004b0                RCC_GetClocksFreq
 .text.USART_SendData
                0x080008c4       0x24 obj\debug\spl\src\stm32f30x_usart.o
                0x080008c4                USART_SendData
 .text.USART_GetFlagStatus
                0x080008e8       0x30 obj\debug\spl\src\stm32f30x_usart.o
                0x080008e8                USART_GetFlagStatus
 .text.uart_putc
                0x08000918       0x34 obj\debug\src\30021_io.o
                0x08000918                uart_putc
 .text._write_r
                0x0800094c       0x4c obj\debug\src\30021_io.o
                0x0800094c                _write_r
 .text.init_usb_uart
                0x08000998      0x220 obj\debug\src\30021_io.o
                0x08000998                init_usb_uart
 .text.initADC  0x08000bb8      0x118 obj\debug\src\adc.o
                0x08000bb8                initADC
 .text.ADC_measure_PA
                0x08000cd0       0x48 obj\debug\src\adc.o
                0x08000cd0                ADC_measure_PA
 .text.initPin  0x08000d18      0x150 obj\debug\src\gpio.o
                0x08000d18                initPin
 .text.main     0x08000e68      0x13c obj\debug\src\main.o
                0x08000e68                main
 .text          0x08000fa4       0xe4 obj\debug\src\startup_stm32f30x.o
                0x08000fa4                Reset_Handler
                0x08000fea                NMI_Handler
                0x08000fec                HardFault_Handler
                0x08000fee                MemManage_Handler
                0x08000ff0                BusFault_Handler
                0x08000ff2                UsageFault_Handler
                0x08000ff4                SVC_Handler
                0x08000ff6                DebugMon_Handler
                0x08000ff8                PendSV_Handler
                0x08000ffa                SysTick_Handler
                0x08000ffc                WWDG_IRQHandler
                0x08000ffe                PVD_IRQHandler
                0x08001000                TAMPER_STAMP_IRQHandler
                0x08001002                RTC_WKUP_IRQHandler
                0x08001004                FLASH_IRQHandler
                0x08001006                RCC_IRQHandler
                0x08001008                EXTI0_IRQHandler
                0x0800100a                EXTI1_IRQHandler
                0x0800100c                EXTI2_TS_IRQHandler
                0x0800100e                EXTI3_IRQHandler
                0x08001010                EXTI4_IRQHandler
                0x08001012                DMA1_Channel1_IRQHandler
                0x08001014                DMA1_Channel2_IRQHandler
                0x08001016                DMA1_Channel3_IRQHandler
                0x08001018                DMA1_Channel4_IRQHandler
                0x0800101a                DMA1_Channel5_IRQHandler
                0x0800101c                DMA1_Channel6_IRQHandler
                0x0800101e                DMA1_Channel7_IRQHandler
                0x08001020                ADC1_2_IRQHandler
                0x08001022                USB_HP_CAN1_TX_IRQHandler
                0x08001024                USB_LP_CAN1_RX0_IRQHandler
                0x08001026                CAN1_RX1_IRQHandler
                0x08001028                CAN1_SCE_IRQHandler
                0x0800102a                EXTI9_5_IRQHandler
                0x0800102c                TIM1_BRK_TIM15_IRQHandler
                0x0800102e                TIM1_UP_TIM16_IRQHandler
                0x08001030                TIM1_TRG_COM_TIM17_IRQHandler
                0x08001032                TIM1_CC_IRQHandler
                0x08001034                TIM2_IRQHandler
                0x08001036                TIM3_IRQHandler
                0x08001038                TIM4_IRQHandler
                0x0800103a                I2C1_EV_IRQHandler
                0x0800103c                I2C1_ER_IRQHandler
                0x0800103e                I2C2_EV_IRQHandler
                0x08001040                I2C2_ER_IRQHandler
                0x08001042                SPI1_IRQHandler
                0x08001044                SPI2_IRQHandler
                0x08001046                USART1_IRQHandler
                0x08001048                USART2_IRQHandler
                0x0800104a                USART3_IRQHandler
                0x0800104c                EXTI15_10_IRQHandler
                0x0800104e                RTC_Alarm_IRQHandler
                0x08001050                USBWakeUp_IRQHandler
                0x08001052                TIM8_BRK_IRQHandler
                0x08001054                TIM8_UP_IRQHandler
                0x08001056                TIM8_TRG_COM_IRQHandler
                0x08001058                TIM8_CC_IRQHandler
                0x0800105a                ADC3_IRQHandler
                0x0800105c                SPI3_IRQHandler
                0x0800105e                UART4_IRQHandler
                0x08001060                UART5_IRQHandler
                0x08001062                TIM6_DAC_IRQHandler
                0x08001064                TIM7_IRQHandler
                0x08001066                DMA2_Channel1_IRQHandler
                0x08001068                DMA2_Channel2_IRQHandler
                0x0800106a                DMA2_Channel3_IRQHandler
                0x0800106c                DMA2_Channel4_IRQHandler
                0x0800106e                DMA2_Channel5_IRQHandler
                0x08001070                ADC4_IRQHandler
                0x08001072                COMP1_2_3_IRQHandler
                0x08001074                COMP4_5_6_IRQHandler
                0x08001076                COMP7_IRQHandler
                0x08001078                USB_HP_IRQHandler
                0x0800107a                USB_LP_IRQHandler
                0x0800107c                USBWakeUp_RMP_IRQHandler
                0x0800107e                FPU_IRQHandler
 .text.SystemInit
                0x08001088       0x84 obj\debug\src\system_stm32f30x.o
                0x08001088                SystemInit
 .text.SetSysClock
                0x0800110c       0x90 obj\debug\src\system_stm32f30x.o
 .text          0x0800119c      0x21c c:/program files (x86)/embitz/1.11/share/em_armgcc/bin/../lib/gcc/arm-none-eabi/5.4.1/armv7e-m\libgcc.a(_arm_addsubsf3.o)
                0x0800119c                __aeabi_frsub
                0x080011a4                __subsf3
                0x080011a4                __aeabi_fsub
                0x080011a8                __aeabi_fadd
                0x080011a8                __addsf3
                0x08001308                __aeabi_ui2f
                0x08001308                __floatunsisf
                0x08001310                __aeabi_i2f
                0x08001310                __floatsisf
                0x0800132c                __aeabi_ul2f
                0x0800132c                __floatundisf
                0x0800133c                __aeabi_l2f
                0x0800133c                __floatdisf
 .text          0x080013b8      0x2a0 c:/program files (x86)/embitz/1.11/share/em_armgcc/bin/../lib/gcc/arm-none-eabi/5.4.1/armv7e-m\libgcc.a(_arm_muldivsf3.o)
                0x080013b8                __mulsf3
                0x080013b8                __aeabi_fmul
                0x08001520                __aeabi_fdiv
                0x08001520                __divsf3
 .text          0x08001658       0x4c c:/program files (x86)/embitz/1.11/share/em_armgcc/bin/../lib/gcc/arm-none-eabi/5.4.1/armv7e-m\libgcc.a(_arm_fixsfsi.o)
                0x08001658                __aeabi_f2iz
                0x08001658                __fixsfsi
 .text.exit     0x080016a4       0x28 c:/program files (x86)/embitz/1.11/share/em_armgcc/bin/../lib/gcc/arm-none-eabi/5.4.1/../../../../arm-none-eabi/lib/armv7e-m\libg_n.a(lib_a-exit.o)
                0x080016a4                exit
 .text.__libc_init_array
                0x080016cc       0x4c c:/program files (x86)/embitz/1.11/share/em_armgcc/bin/../lib/gcc/arm-none-eabi/5.4.1/../../../../arm-none-eabi/lib/armv7e-m\libg_n.a(lib_a-init.o)
                0x080016cc                __libc_init_array
 .text.memset   0x08001718       0x10 c:/program files (x86)/embitz/1.11/share/em_armgcc/bin/../lib/gcc/arm-none-eabi/5.4.1/../../../../arm-none-eabi/lib/armv7e-m\libg_n.a(lib_a-memset.o)
                0x08001718                memset
 .text.printf   0x08001728       0x30 c:/program files (x86)/embitz/1.11/share/em_armgcc/bin/../lib/gcc/arm-none-eabi/5.4.1/../../../../arm-none-eabi/lib/armv7e-m\libg_n.a(lib_a-printf.o)
                0x08001728                iprintf
                0x08001728                printf
 .text.setbuf   0x08001758       0x10 c:/program files (x86)/embitz/1.11/share/em_armgcc/bin/../lib/gcc/arm-none-eabi/5.4.1/../../../../arm-none-eabi/lib/armv7e-m\libg_n.a(lib_a-setbuf.o)
                0x08001758                setbuf
 .text.setvbuf  0x08001768      0x154 c:/program files (x86)/embitz/1.11/share/em_armgcc/bin/../lib/gcc/arm-none-eabi/5.4.1/../../../../arm-none-eabi/lib/armv7e-m\libg_n.a(lib_a-setvbuf.o)
                0x08001768                setvbuf
 .text.__sflush_r
                0x080018bc      0x110 c:/program files (x86)/embitz/1.11/share/em_armgcc/bin/../lib/gcc/arm-none-eabi/5.4.1/../../../../arm-none-eabi/lib/armv7e-m\libg_n.a(lib_a-fflush.o)
                0x080018bc                __sflush_r
 .text._fflush_r
                0x080019cc       0x54 c:/program files (x86)/embitz/1.11/share/em_armgcc/bin/../lib/gcc/arm-none-eabi/5.4.1/../../../../arm-none-eabi/lib/armv7e-m\libg_n.a(lib_a-fflush.o)
                0x080019cc                _fflush_r
 .text._cleanup_r
                0x08001a20        0xc c:/program files (x86)/embitz/1.11/share/em_armgcc/bin/../lib/gcc/arm-none-eabi/5.4.1/../../../../arm-none-eabi/lib/armv7e-m\libg_n.a(lib_a-findfp.o)
                0x08001a20                _cleanup_r
 .text.std.isra.0
                0x08001a2c       0x48 c:/program files (x86)/embitz/1.11/share/em_armgcc/bin/../lib/gcc/arm-none-eabi/5.4.1/../../../../arm-none-eabi/lib/armv7e-m\libg_n.a(lib_a-findfp.o)
 .text.__sfmoreglue
                0x08001a74       0x2c c:/program files (x86)/embitz/1.11/share/em_armgcc/bin/../lib/gcc/arm-none-eabi/5.4.1/../../../../arm-none-eabi/lib/armv7e-m\libg_n.a(lib_a-findfp.o)
                0x08001a74                __sfmoreglue
 .text.__sinit  0x08001aa0       0x60 c:/program files (x86)/embitz/1.11/share/em_armgcc/bin/../lib/gcc/arm-none-eabi/5.4.1/../../../../arm-none-eabi/lib/armv7e-m\libg_n.a(lib_a-findfp.o)
                0x08001aa0                __sinit
 .text.__sfp    0x08001b00       0x78 c:/program files (x86)/embitz/1.11/share/em_armgcc/bin/../lib/gcc/arm-none-eabi/5.4.1/../../../../arm-none-eabi/lib/armv7e-m\libg_n.a(lib_a-findfp.o)
                0x08001b00                __sfp
 .text._fwalk_reent
                0x08001b78       0x3c c:/program files (x86)/embitz/1.11/share/em_armgcc/bin/../lib/gcc/arm-none-eabi/5.4.1/../../../../arm-none-eabi/lib/armv7e-m\libg_n.a(lib_a-fwalk.o)
                0x08001b78                _fwalk_reent
 .text.__swhatbuf_r
                0x08001bb4       0x46 c:/program files (x86)/embitz/1.11/share/em_armgcc/bin/../lib/gcc/arm-none-eabi/5.4.1/../../../../arm-none-eabi/lib/armv7e-m\libg_n.a(lib_a-makebuf.o)
                0x08001bb4                __swhatbuf_r
 *fill*         0x08001bfa        0x2 
 .text.__smakebuf_r
                0x08001bfc       0x78 c:/program files (x86)/embitz/1.11/share/em_armgcc/bin/../lib/gcc/arm-none-eabi/5.4.1/../../../../arm-none-eabi/lib/armv7e-m\libg_n.a(lib_a-makebuf.o)
                0x08001bfc                __smakebuf_r
 .text.malloc   0x08001c74       0x10 c:/program files (x86)/embitz/1.11/share/em_armgcc/bin/../lib/gcc/arm-none-eabi/5.4.1/../../../../arm-none-eabi/lib/armv7e-m\libg_n.a(lib_a-malloc.o)
                0x08001c74                malloc
 .text._free_r  0x08001c84       0x9c c:/program files (x86)/embitz/1.11/share/em_armgcc/bin/../lib/gcc/arm-none-eabi/5.4.1/../../../../arm-none-eabi/lib/armv7e-m\libg_n.a(lib_a-nano-freer.o)
                0x08001c84                _free_r
 .text._malloc_r
                0x08001d20       0xbc c:/program files (x86)/embitz/1.11/share/em_armgcc/bin/../lib/gcc/arm-none-eabi/5.4.1/../../../../arm-none-eabi/lib/armv7e-m\libg_n.a(lib_a-nano-mallocr.o)
                0x08001d20                _malloc_r
 .text.__sfputc_r
                0x08001ddc       0x2c c:/program files (x86)/embitz/1.11/share/em_armgcc/bin/../lib/gcc/arm-none-eabi/5.4.1/../../../../arm-none-eabi/lib/armv7e-m\libg_n.a(lib_a-nano-vfprintf.o)
 .text.__sfputs_r
                0x08001e08       0x24 c:/program files (x86)/embitz/1.11/share/em_armgcc/bin/../lib/gcc/arm-none-eabi/5.4.1/../../../../arm-none-eabi/lib/armv7e-m\libg_n.a(lib_a-nano-vfprintf.o)
                0x08001e08                __sfputs_r
 .text._vfprintf_r
                0x08001e2c      0x238 c:/program files (x86)/embitz/1.11/share/em_armgcc/bin/../lib/gcc/arm-none-eabi/5.4.1/../../../../arm-none-eabi/lib/armv7e-m\libg_n.a(lib_a-nano-vfprintf.o)
                0x08001e2c                _vfprintf_r
                0x08001e2c                _vfiprintf_r
 .text._printf_common
                0x08002064       0xec c:/program files (x86)/embitz/1.11/share/em_armgcc/bin/../lib/gcc/arm-none-eabi/5.4.1/../../../../arm-none-eabi/lib/armv7e-m\libg_n.a(lib_a-nano-vfprintf_i.o)
                0x08002064                _printf_common
 .text._printf_i
                0x08002150      0x24c c:/program files (x86)/embitz/1.11/share/em_armgcc/bin/../lib/gcc/arm-none-eabi/5.4.1/../../../../arm-none-eabi/lib/armv7e-m\libg_n.a(lib_a-nano-vfprintf_i.o)
                0x08002150                _printf_i
 .text._sbrk_r  0x0800239c       0x20 c:/program files (x86)/embitz/1.11/share/em_armgcc/bin/../lib/gcc/arm-none-eabi/5.4.1/../../../../arm-none-eabi/lib/armv7e-m\libg_n.a(lib_a-sbrkr.o)
                0x0800239c                _sbrk_r
 .text.__sread  0x080023bc       0x22 c:/program files (x86)/embitz/1.11/share/em_armgcc/bin/../lib/gcc/arm-none-eabi/5.4.1/../../../../arm-none-eabi/lib/armv7e-m\libg_n.a(lib_a-stdio.o)
                0x080023bc                __sread
 .text.__swrite
                0x080023de       0x38 c:/program files (x86)/embitz/1.11/share/em_armgcc/bin/../lib/gcc/arm-none-eabi/5.4.1/../../../../arm-none-eabi/lib/armv7e-m\libg_n.a(lib_a-stdio.o)
                0x080023de                __swrite
 .text.__sseek  0x08002416       0x24 c:/program files (x86)/embitz/1.11/share/em_armgcc/bin/../lib/gcc/arm-none-eabi/5.4.1/../../../../arm-none-eabi/lib/armv7e-m\libg_n.a(lib_a-stdio.o)
                0x08002416                __sseek
 .text.__sclose
                0x0800243a        0x8 c:/program files (x86)/embitz/1.11/share/em_armgcc/bin/../lib/gcc/arm-none-eabi/5.4.1/../../../../arm-none-eabi/lib/armv7e-m\libg_n.a(lib_a-stdio.o)
                0x0800243a                __sclose
 *fill*         0x08002442        0x2 
 .text.__swbuf_r
                0x08002444       0xa8 c:/program files (x86)/embitz/1.11/share/em_armgcc/bin/../lib/gcc/arm-none-eabi/5.4.1/../../../../arm-none-eabi/lib/armv7e-m\libg_n.a(lib_a-wbuf.o)
                0x08002444                __swbuf_r
 .text.__swsetup_r
                0x080024ec       0xdc c:/program files (x86)/embitz/1.11/share/em_armgcc/bin/../lib/gcc/arm-none-eabi/5.4.1/../../../../arm-none-eabi/lib/armv7e-m\libg_n.a(lib_a-wsetup.o)
                0x080024ec                __swsetup_r
 .text._close_r
                0x080025c8       0x20 c:/program files (x86)/embitz/1.11/share/em_armgcc/bin/../lib/gcc/arm-none-eabi/5.4.1/../../../../arm-none-eabi/lib/armv7e-m\libg_n.a(lib_a-closer.o)
                0x080025c8                _close_r
 .text._fstat_r
                0x080025e8       0x24 c:/program files (x86)/embitz/1.11/share/em_armgcc/bin/../lib/gcc/arm-none-eabi/5.4.1/../../../../arm-none-eabi/lib/armv7e-m\libg_n.a(lib_a-fstatr.o)
                0x080025e8                _fstat_r
 .text._isatty_r
                0x0800260c       0x20 c:/program files (x86)/embitz/1.11/share/em_armgcc/bin/../lib/gcc/arm-none-eabi/5.4.1/../../../../arm-none-eabi/lib/armv7e-m\libg_n.a(lib_a-isattyr.o)
                0x0800260c                _isatty_r
 .text._lseek_r
                0x0800262c       0x24 c:/program files (x86)/embitz/1.11/share/em_armgcc/bin/../lib/gcc/arm-none-eabi/5.4.1/../../../../arm-none-eabi/lib/armv7e-m\libg_n.a(lib_a-lseekr.o)
                0x0800262c                _lseek_r
 .text          0x08002650       0xa0 c:/program files (x86)/embitz/1.11/share/em_armgcc/bin/../lib/gcc/arm-none-eabi/5.4.1/../../../../arm-none-eabi/lib/armv7e-m\libg_n.a(lib_a-memchr.o)
                0x08002650                memchr
 .text.__malloc_lock
                0x080026f0        0x2 c:/program files (x86)/embitz/1.11/share/em_armgcc/bin/../lib/gcc/arm-none-eabi/5.4.1/../../../../arm-none-eabi/lib/armv7e-m\libg_n.a(lib_a-mlock.o)
                0x080026f0                __malloc_lock
 .text.__malloc_unlock
                0x080026f2        0x2 c:/program files (x86)/embitz/1.11/share/em_armgcc/bin/../lib/gcc/arm-none-eabi/5.4.1/../../../../arm-none-eabi/lib/armv7e-m\libg_n.a(lib_a-mlock.o)
                0x080026f2                __malloc_unlock
 .text._read_r  0x080026f4       0x24 c:/program files (x86)/embitz/1.11/share/em_armgcc/bin/../lib/gcc/arm-none-eabi/5.4.1/../../../../arm-none-eabi/lib/armv7e-m\libg_n.a(lib_a-readr.o)
                0x080026f4                _read_r
 .text._close   0x08002718       0x10 c:/program files (x86)/embitz/1.11/share/em_armgcc/bin/../lib/gcc/arm-none-eabi/5.4.1/../../../../arm-none-eabi/lib/armv7e-m\libnosys_s.a(close.o)
                0x08002718                _close
 .text._fstat   0x08002728       0x10 c:/program files (x86)/embitz/1.11/share/em_armgcc/bin/../lib/gcc/arm-none-eabi/5.4.1/../../../../arm-none-eabi/lib/armv7e-m\libnosys_s.a(fstat.o)
                0x08002728                _fstat
 .text._isatty  0x08002738       0x10 c:/program files (x86)/embitz/1.11/share/em_armgcc/bin/../lib/gcc/arm-none-eabi/5.4.1/../../../../arm-none-eabi/lib/armv7e-m\libnosys_s.a(isatty.o)
                0x08002738                _isatty
 .text._lseek   0x08002748       0x10 c:/program files (x86)/embitz/1.11/share/em_armgcc/bin/../lib/gcc/arm-none-eabi/5.4.1/../../../../arm-none-eabi/lib/armv7e-m\libnosys_s.a(lseek.o)
                0x08002748                _lseek
 .text._read    0x08002758       0x10 c:/program files (x86)/embitz/1.11/share/em_armgcc/bin/../lib/gcc/arm-none-eabi/5.4.1/../../../../arm-none-eabi/lib/armv7e-m\libnosys_s.a(read.o)
                0x08002758                _read
 .text._sbrk    0x08002768       0x1c c:/program files (x86)/embitz/1.11/share/em_armgcc/bin/../lib/gcc/arm-none-eabi/5.4.1/../../../../arm-none-eabi/lib/armv7e-m\libnosys_s.a(sbrk.o)
                0x08002768                _sbrk
 .text._exit    0x08002784        0x2 c:/program files (x86)/embitz/1.11/share/em_armgcc/bin/../lib/gcc/arm-none-eabi/5.4.1/../../../../arm-none-eabi/lib/armv7e-m\libnosys_s.a(_exit.o)
                0x08002784                _exit
 *(.init)
 *fill*         0x08002786        0x2 
 .init          0x08002788        0x4 c:/program files (x86)/embitz/1.11/share/em_armgcc/bin/../lib/gcc/arm-none-eabi/5.4.1/armv7e-m/crti.o
                0x08002788                _init
 .init          0x0800278c        0x8 c:/program files (x86)/embitz/1.11/share/em_armgcc/bin/../lib/gcc/arm-none-eabi/5.4.1/armv7e-m/crtn.o
 *(.fini)
 .fini          0x08002794        0x4 c:/program files (x86)/embitz/1.11/share/em_armgcc/bin/../lib/gcc/arm-none-eabi/5.4.1/armv7e-m/crti.o
                0x08002794                _fini
 .fini          0x08002798        0x8 c:/program files (x86)/embitz/1.11/share/em_armgcc/bin/../lib/gcc/arm-none-eabi/5.4.1/armv7e-m/crtn.o
 *crtbegin.o(.ctors)
 *crtbegin?.o(.ctors)
 *(EXCLUDE_FILE(*crtend.o *crtend?.o) .ctors)
 *(SORT(.ctors.*))
 *(.ctors)
 *crtbegin.o(.dtors)
 *crtbegin?.o(.dtors)
 *(EXCLUDE_FILE(*crtend.o *crtend?.o) .dtors)
 *(SORT(.dtors.*))
 *(.dtors)
 *(.rodata*)
 .rodata        0x080027a0       0x32 obj\debug\src\main.o
 .rodata.str1.1
                0x080027d2        0x2 c:/program files (x86)/embitz/1.11/share/em_armgcc/bin/../lib/gcc/arm-none-eabi/5.4.1/../../../../arm-none-eabi/lib/armv7e-m\libg_n.a(lib_a-impure.o)
 .rodata._global_impure_ptr
                0x080027d4        0x4 c:/program files (x86)/embitz/1.11/share/em_armgcc/bin/../lib/gcc/arm-none-eabi/5.4.1/../../../../arm-none-eabi/lib/armv7e-m\libg_n.a(lib_a-impure.o)
                0x080027d4                _global_impure_ptr
 .rodata.__sf_fake_stdin
                0x080027d8       0x20 c:/program files (x86)/embitz/1.11/share/em_armgcc/bin/../lib/gcc/arm-none-eabi/5.4.1/../../../../arm-none-eabi/lib/armv7e-m\libg_n.a(lib_a-findfp.o)
                0x080027d8                __sf_fake_stdin
 .rodata.__sf_fake_stdout
                0x080027f8       0x20 c:/program files (x86)/embitz/1.11/share/em_armgcc/bin/../lib/gcc/arm-none-eabi/5.4.1/../../../../arm-none-eabi/lib/armv7e-m\libg_n.a(lib_a-findfp.o)
                0x080027f8                __sf_fake_stdout
 .rodata.__sf_fake_stderr
                0x08002818       0x20 c:/program files (x86)/embitz/1.11/share/em_armgcc/bin/../lib/gcc/arm-none-eabi/5.4.1/../../../../arm-none-eabi/lib/armv7e-m\libg_n.a(lib_a-findfp.o)
                0x08002818                __sf_fake_stderr
 .rodata.str1.1
                0x08002838       0x11 c:/program files (x86)/embitz/1.11/share/em_armgcc/bin/../lib/gcc/arm-none-eabi/5.4.1/../../../../arm-none-eabi/lib/armv7e-m\libg_n.a(lib_a-nano-vfprintf.o)
 .rodata.str1.1
                0x08002849       0x22 c:/program files (x86)/embitz/1.11/share/em_armgcc/bin/../lib/gcc/arm-none-eabi/5.4.1/../../../../arm-none-eabi/lib/armv7e-m\libg_n.a(lib_a-nano-vfprintf_i.o)
 *(.eh_frame*)
 *fill*         0x0800286b        0x1 
 .eh_frame      0x0800286c        0x0 c:/program files (x86)/embitz/1.11/share/em_armgcc/bin/../lib/gcc/arm-none-eabi/5.4.1/armv7e-m/crtbegin.o
 .eh_frame      0x0800286c        0x4 c:/program files (x86)/embitz/1.11/share/em_armgcc/bin/../lib/gcc/arm-none-eabi/5.4.1/armv7e-m/crtend.o

.glue_7         0x08002870        0x0
 .glue_7        0x08002870        0x0 linker stubs

.glue_7t        0x08002870        0x0
 .glue_7t       0x08002870        0x0 linker stubs

.vfp11_veneer   0x08002870        0x0
 .vfp11_veneer  0x08002870        0x0 linker stubs

.v4_bx          0x08002870        0x0
 .v4_bx         0x08002870        0x0 linker stubs

.iplt           0x08002870        0x0
 .iplt          0x08002870        0x0 c:/program files (x86)/embitz/1.11/share/em_armgcc/bin/../lib/gcc/arm-none-eabi/5.4.1/armv7e-m/crtbegin.o

.ARM.extab
 *(.ARM.extab* .gnu.linkonce.armextab.*)
                0x08002870                __exidx_start = .

.ARM.exidx      0x08002870        0x8
 *(.ARM.exidx* .gnu.linkonce.armexidx.*)
 .ARM.exidx     0x08002870        0x8 c:/program files (x86)/embitz/1.11/share/em_armgcc/bin/../lib/gcc/arm-none-eabi/5.4.1/../../../../arm-none-eabi/lib/armv7e-m/crt0.o
                0x08002878                __exidx_end = .
                0x08002878                __etext = .

.rel.dyn        0x08002878        0x0
 .rel.iplt      0x08002878        0x0 c:/program files (x86)/embitz/1.11/share/em_armgcc/bin/../lib/gcc/arm-none-eabi/5.4.1/armv7e-m/crtbegin.o

.data           0x20000000       0x98 load address 0x08002878
                0x20000000                __data_start__ = .
 *(vtable)
 *(.data*)
 .data.APBAHBPrescTable
                0x20000000       0x10 obj\debug\spl\src\stm32f30x_rcc.o
 .data.ADCPrescTable
                0x20000010       0x1a obj\debug\spl\src\stm32f30x_rcc.o
 *fill*         0x2000002a        0x2 
 .data.impure_data
                0x2000002c       0x60 c:/program files (x86)/embitz/1.11/share/em_armgcc/bin/../lib/gcc/arm-none-eabi/5.4.1/../../../../arm-none-eabi/lib/armv7e-m\libg_n.a(lib_a-impure.o)
 .data._impure_ptr
                0x2000008c        0x4 c:/program files (x86)/embitz/1.11/share/em_armgcc/bin/../lib/gcc/arm-none-eabi/5.4.1/../../../../arm-none-eabi/lib/armv7e-m\libg_n.a(lib_a-impure.o)
                0x2000008c                _impure_ptr
                0x20000090                . = ALIGN (0x4)
                0x20000090                PROVIDE (__preinit_array_start, .)
 *(.preinit_array)
                0x20000090                PROVIDE (__preinit_array_end, .)
                0x20000090                . = ALIGN (0x4)
                0x20000090                PROVIDE (__init_array_start, .)
 *(SORT(.init_array.*))
 *(.init_array)
 .init_array    0x20000090        0x4 c:/program files (x86)/embitz/1.11/share/em_armgcc/bin/../lib/gcc/arm-none-eabi/5.4.1/armv7e-m/crtbegin.o
                0x20000094                PROVIDE (__init_array_end, .)
                0x20000094                . = ALIGN (0x4)
                [!provide]                PROVIDE (__fini_array_start, .)
 *(SORT(.fini_array.*))
 *(.fini_array)
 .fini_array    0x20000094        0x4 c:/program files (x86)/embitz/1.11/share/em_armgcc/bin/../lib/gcc/arm-none-eabi/5.4.1/armv7e-m/crtbegin.o
                [!provide]                PROVIDE (__fini_array_end, .)
                0x20000098                . = ALIGN (0x4)
                0x20000098                __data_end__ = .

.jcr            0x20000098        0x0 load address 0x08002910
 .jcr           0x20000098        0x0 c:/program files (x86)/embitz/1.11/share/em_armgcc/bin/../lib/gcc/arm-none-eabi/5.4.1/armv7e-m/crtbegin.o

.igot.plt       0x20000098        0x0 load address 0x08002910
 .igot.plt      0x20000098        0x0 c:/program files (x86)/embitz/1.11/share/em_armgcc/bin/../lib/gcc/arm-none-eabi/5.4.1/armv7e-m/crtbegin.o

.bss            0x20000098       0x2c load address 0x08002910
                0x20000098                __bss_start__ = .
 *(.bss*)
 .bss           0x20000098       0x1c c:/program files (x86)/embitz/1.11/share/em_armgcc/bin/../lib/gcc/arm-none-eabi/5.4.1/armv7e-m/crtbegin.o
 .bss.__malloc_sbrk_start
                0x200000b4        0x4 c:/program files (x86)/embitz/1.11/share/em_armgcc/bin/../lib/gcc/arm-none-eabi/5.4.1/../../../../arm-none-eabi/lib/armv7e-m\libg_n.a(lib_a-nano-mallocr.o)
                0x200000b4                __malloc_sbrk_start
 .bss.__malloc_free_list
                0x200000b8        0x4 c:/program files (x86)/embitz/1.11/share/em_armgcc/bin/../lib/gcc/arm-none-eabi/5.4.1/../../../../arm-none-eabi/lib/armv7e-m\libg_n.a(lib_a-nano-mallocr.o)
                0x200000b8                __malloc_free_list
 .bss.heap_end.4167
                0x200000bc        0x4 c:/program files (x86)/embitz/1.11/share/em_armgcc/bin/../lib/gcc/arm-none-eabi/5.4.1/../../../../arm-none-eabi/lib/armv7e-m\libnosys_s.a(sbrk.o)
 *(COMMON)
 COMMON         0x200000c0        0x4 c:/program files (x86)/embitz/1.11/share/em_armgcc/bin/../lib/gcc/arm-none-eabi/5.4.1/../../../../arm-none-eabi/lib/armv7e-m\libg_n.a(lib_a-reent.o)
                0x200000c0                errno
                0x200000c4                __bss_end__ = .

.heap           0x200000c8        0x0
                0x200000c8                __end__ = .
                0x200000c8                end = __end__
 *(.heap*)
 .heap          0x200000c8        0x0 obj\debug\src\startup_stm32f30x.o
                0x200000c8                __HeapLimit = .

.stack_dummy    0x200000c8      0x100
 *(.stack)
 .stack         0x200000c8      0x100 obj\debug\src\startup_stm32f30x.o
                0x20004000                __StackTop = (ORIGIN (RAM) + LENGTH (RAM))
                0x20003f00                __StackLimit = (__StackTop - SIZEOF (.stack_dummy))
                0x20004000                PROVIDE (__stack, __StackTop)
                0x00000001                ASSERT ((__StackLimit >= __HeapLimit), region RAM overflowed with stack)
LOAD obj\debug\spl\src\stm32f30x_adc.o
LOAD obj\debug\spl\src\stm32f30x_can.o
LOAD obj\debug\spl\src\stm32f30x_comp.o
LOAD obj\debug\spl\src\stm32f30x_crc.o
LOAD obj\debug\spl\src\stm32f30x_dac.o
LOAD obj\debug\spl\src\stm32f30x_dbgmcu.o
LOAD obj\debug\spl\src\stm32f30x_dma.o
LOAD obj\debug\spl\src\stm32f30x_exti.o
LOAD obj\debug\spl\src\stm32f30x_flash.o
LOAD obj\debug\spl\src\stm32f30x_gpio.o
LOAD obj\debug\spl\src\stm32f30x_i2c.o
LOAD obj\debug\spl\src\stm32f30x_iwdg.o
LOAD obj\debug\spl\src\stm32f30x_misc.o
LOAD obj\debug\spl\src\stm32f30x_opamp.o
LOAD obj\debug\spl\src\stm32f30x_pwr.o
LOAD obj\debug\spl\src\stm32f30x_rcc.o
LOAD obj\debug\spl\src\stm32f30x_rtc.o
LOAD obj\debug\spl\src\stm32f30x_spi.o
LOAD obj\debug\spl\src\stm32f30x_syscfg.o
LOAD obj\debug\spl\src\stm32f30x_tim.o
LOAD obj\debug\spl\src\stm32f30x_usart.o
LOAD obj\debug\spl\src\stm32f30x_wwdg.o
LOAD obj\debug\src\30021_io.o
LOAD obj\debug\src\adc.o
LOAD obj\debug\src\flash.o
LOAD obj\debug\src\gpio.o
LOAD obj\debug\src\lcd.o
LOAD obj\debug\src\main.o
LOAD obj\debug\src\startup_stm32f30x.o
LOAD obj\debug\src\system_stm32f30x.o
START GROUP
LOAD c:/program files (x86)/embitz/1.11/share/em_armgcc/bin/../lib/gcc/arm-none-eabi/5.4.1/armv7e-m\libgcc.a
LOAD c:/program files (x86)/embitz/1.11/share/em_armgcc/bin/../lib/gcc/arm-none-eabi/5.4.1/../../../../arm-none-eabi/lib/armv7e-m\libg_n.a
LOAD c:/program files (x86)/embitz/1.11/share/em_armgcc/bin/../lib/gcc/arm-none-eabi/5.4.1/../../../../arm-none-eabi/lib/armv7e-m\libc_n.a
END GROUP
START GROUP
LOAD c:/program files (x86)/embitz/1.11/share/em_armgcc/bin/../lib/gcc/arm-none-eabi/5.4.1/armv7e-m\libgcc.a
LOAD c:/program files (x86)/embitz/1.11/share/em_armgcc/bin/../lib/gcc/arm-none-eabi/5.4.1/../../../../arm-none-eabi/lib/armv7e-m\libc_n.a
LOAD c:/program files (x86)/embitz/1.11/share/em_armgcc/bin/../lib/gcc/arm-none-eabi/5.4.1/../../../../arm-none-eabi/lib/armv7e-m\libnosys_s.a
END GROUP
LOAD c:/program files (x86)/embitz/1.11/share/em_armgcc/bin/../lib/gcc/arm-none-eabi/5.4.1/armv7e-m/crtend.o
LOAD c:/program files (x86)/embitz/1.11/share/em_armgcc/bin/../lib/gcc/arm-none-eabi/5.4.1/armv7e-m/crtn.o
OUTPUT(bin\Debug\Project.elf elf32-littlearm)

.ARM.attributes
                0x00000000       0x2a
 .ARM.attributes
                0x00000000       0x1e c:/program files (x86)/embitz/1.11/share/em_armgcc/bin/../lib/gcc/arm-none-eabi/5.4.1/armv7e-m/crti.o
 .ARM.attributes
                0x0000001e       0x2e c:/program files (x86)/embitz/1.11/share/em_armgcc/bin/../lib/gcc/arm-none-eabi/5.4.1/armv7e-m/crtbegin.o
 .ARM.attributes
                0x0000004c       0x1c c:/program files (x86)/embitz/1.11/share/em_armgcc/bin/../lib/gcc/arm-none-eabi/5.4.1/../../../../arm-none-eabi/lib/armv7e-m/crt0.o
 .ARM.attributes
                0x00000068       0x33 obj\debug\spl\src\stm32f30x_adc.o
 .ARM.attributes
                0x0000009b       0x33 obj\debug\spl\src\stm32f30x_rcc.o
 .ARM.attributes
                0x000000ce       0x33 obj\debug\spl\src\stm32f30x_usart.o
 .ARM.attributes
                0x00000101       0x33 obj\debug\src\30021_io.o
 .ARM.attributes
                0x00000134       0x33 obj\debug\src\adc.o
 .ARM.attributes
                0x00000167       0x33 obj\debug\src\gpio.o
 .ARM.attributes
                0x0000019a       0x33 obj\debug\src\main.o
 .ARM.attributes
                0x000001cd       0x1b obj\debug\src\startup_stm32f30x.o
 .ARM.attributes
                0x000001e8       0x33 obj\debug\src\system_stm32f30x.o
 .ARM.attributes
                0x0000021b       0x1e c:/program files (x86)/embitz/1.11/share/em_armgcc/bin/../lib/gcc/arm-none-eabi/5.4.1/armv7e-m\libgcc.a(_arm_addsubsf3.o)
 .ARM.attributes
                0x00000239       0x1e c:/program files (x86)/embitz/1.11/share/em_armgcc/bin/../lib/gcc/arm-none-eabi/5.4.1/armv7e-m\libgcc.a(_arm_muldivsf3.o)
 .ARM.attributes
                0x00000257       0x1e c:/program files (x86)/embitz/1.11/share/em_armgcc/bin/../lib/gcc/arm-none-eabi/5.4.1/armv7e-m\libgcc.a(_arm_fixsfsi.o)
 .ARM.attributes
                0x00000275       0x2e c:/program files (x86)/embitz/1.11/share/em_armgcc/bin/../lib/gcc/arm-none-eabi/5.4.1/../../../../arm-none-eabi/lib/armv7e-m\libg_n.a(lib_a-exit.o)
 .ARM.attributes
                0x000002a3       0x2e c:/program files (x86)/embitz/1.11/share/em_armgcc/bin/../lib/gcc/arm-none-eabi/5.4.1/../../../../arm-none-eabi/lib/armv7e-m\libg_n.a(lib_a-impure.o)
 .ARM.attributes
                0x000002d1       0x2e c:/program files (x86)/embitz/1.11/share/em_armgcc/bin/../lib/gcc/arm-none-eabi/5.4.1/../../../../arm-none-eabi/lib/armv7e-m\libg_n.a(lib_a-init.o)
 .ARM.attributes
                0x000002ff       0x2e c:/program files (x86)/embitz/1.11/share/em_armgcc/bin/../lib/gcc/arm-none-eabi/5.4.1/../../../../arm-none-eabi/lib/armv7e-m\libg_n.a(lib_a-memset.o)
 .ARM.attributes
                0x0000032d       0x2e c:/program files (x86)/embitz/1.11/share/em_armgcc/bin/../lib/gcc/arm-none-eabi/5.4.1/../../../../arm-none-eabi/lib/armv7e-m\libg_n.a(lib_a-printf.o)
 .ARM.attributes
                0x0000035b       0x2e c:/program files (x86)/embitz/1.11/share/em_armgcc/bin/../lib/gcc/arm-none-eabi/5.4.1/../../../../arm-none-eabi/lib/armv7e-m\libg_n.a(lib_a-setbuf.o)
 .ARM.attributes
                0x00000389       0x2e c:/program files (x86)/embitz/1.11/share/em_armgcc/bin/../lib/gcc/arm-none-eabi/5.4.1/../../../../arm-none-eabi/lib/armv7e-m\libg_n.a(lib_a-setvbuf.o)
 .ARM.attributes
                0x000003b7       0x2e c:/program files (x86)/embitz/1.11/share/em_armgcc/bin/../lib/gcc/arm-none-eabi/5.4.1/../../../../arm-none-eabi/lib/armv7e-m\libg_n.a(lib_a-fflush.o)
 .ARM.attributes
                0x000003e5       0x2e c:/program files (x86)/embitz/1.11/share/em_armgcc/bin/../lib/gcc/arm-none-eabi/5.4.1/../../../../arm-none-eabi/lib/armv7e-m\libg_n.a(lib_a-findfp.o)
 .ARM.attributes
                0x00000413       0x2e c:/program files (x86)/embitz/1.11/share/em_armgcc/bin/../lib/gcc/arm-none-eabi/5.4.1/../../../../arm-none-eabi/lib/armv7e-m\libg_n.a(lib_a-fwalk.o)
 .ARM.attributes
                0x00000441       0x2e c:/program files (x86)/embitz/1.11/share/em_armgcc/bin/../lib/gcc/arm-none-eabi/5.4.1/../../../../arm-none-eabi/lib/armv7e-m\libg_n.a(lib_a-makebuf.o)
 .ARM.attributes
                0x0000046f       0x2e c:/program files (x86)/embitz/1.11/share/em_armgcc/bin/../lib/gcc/arm-none-eabi/5.4.1/../../../../arm-none-eabi/lib/armv7e-m\libg_n.a(lib_a-malloc.o)
 .ARM.attributes
                0x0000049d       0x2e c:/program files (x86)/embitz/1.11/share/em_armgcc/bin/../lib/gcc/arm-none-eabi/5.4.1/../../../../arm-none-eabi/lib/armv7e-m\libg_n.a(lib_a-nano-freer.o)
 .ARM.attributes
                0x000004cb       0x2e c:/program files (x86)/embitz/1.11/share/em_armgcc/bin/../lib/gcc/arm-none-eabi/5.4.1/../../../../arm-none-eabi/lib/armv7e-m\libg_n.a(lib_a-nano-mallocr.o)
 .ARM.attributes
                0x000004f9       0x2e c:/program files (x86)/embitz/1.11/share/em_armgcc/bin/../lib/gcc/arm-none-eabi/5.4.1/../../../../arm-none-eabi/lib/armv7e-m\libg_n.a(lib_a-nano-vfprintf.o)
 .ARM.attributes
                0x00000527       0x2e c:/program files (x86)/embitz/1.11/share/em_armgcc/bin/../lib/gcc/arm-none-eabi/5.4.1/../../../../arm-none-eabi/lib/armv7e-m\libg_n.a(lib_a-nano-vfprintf_i.o)
 .ARM.attributes
                0x00000555       0x2e c:/program files (x86)/embitz/1.11/share/em_armgcc/bin/../lib/gcc/arm-none-eabi/5.4.1/../../../../arm-none-eabi/lib/armv7e-m\libg_n.a(lib_a-sbrkr.o)
 .ARM.attributes
                0x00000583       0x2e c:/program files (x86)/embitz/1.11/share/em_armgcc/bin/../lib/gcc/arm-none-eabi/5.4.1/../../../../arm-none-eabi/lib/armv7e-m\libg_n.a(lib_a-stdio.o)
 .ARM.attributes
                0x000005b1       0x2e c:/program files (x86)/embitz/1.11/share/em_armgcc/bin/../lib/gcc/arm-none-eabi/5.4.1/../../../../arm-none-eabi/lib/armv7e-m\libg_n.a(lib_a-wbuf.o)
 .ARM.attributes
                0x000005df       0x2e c:/program files (x86)/embitz/1.11/share/em_armgcc/bin/../lib/gcc/arm-none-eabi/5.4.1/../../../../arm-none-eabi/lib/armv7e-m\libg_n.a(lib_a-wsetup.o)
 .ARM.attributes
                0x0000060d       0x2e c:/program files (x86)/embitz/1.11/share/em_armgcc/bin/../lib/gcc/arm-none-eabi/5.4.1/../../../../arm-none-eabi/lib/armv7e-m\libg_n.a(lib_a-closer.o)
 .ARM.attributes
                0x0000063b       0x2e c:/program files (x86)/embitz/1.11/share/em_armgcc/bin/../lib/gcc/arm-none-eabi/5.4.1/../../../../arm-none-eabi/lib/armv7e-m\libg_n.a(lib_a-fstatr.o)
 .ARM.attributes
                0x00000669       0x2e c:/program files (x86)/embitz/1.11/share/em_armgcc/bin/../lib/gcc/arm-none-eabi/5.4.1/../../../../arm-none-eabi/lib/armv7e-m\libg_n.a(lib_a-isattyr.o)
 .ARM.attributes
                0x00000697       0x2e c:/program files (x86)/embitz/1.11/share/em_armgcc/bin/../lib/gcc/arm-none-eabi/5.4.1/../../../../arm-none-eabi/lib/armv7e-m\libg_n.a(lib_a-lseekr.o)
 .ARM.attributes
                0x000006c5       0x1c c:/program files (x86)/embitz/1.11/share/em_armgcc/bin/../lib/gcc/arm-none-eabi/5.4.1/../../../../arm-none-eabi/lib/armv7e-m\libg_n.a(lib_a-memchr.o)
 .ARM.attributes
                0x000006e1       0x2e c:/program files (x86)/embitz/1.11/share/em_armgcc/bin/../lib/gcc/arm-none-eabi/5.4.1/../../../../arm-none-eabi/lib/armv7e-m\libg_n.a(lib_a-mlock.o)
 .ARM.attributes
                0x0000070f       0x2e c:/program files (x86)/embitz/1.11/share/em_armgcc/bin/../lib/gcc/arm-none-eabi/5.4.1/../../../../arm-none-eabi/lib/armv7e-m\libg_n.a(lib_a-readr.o)
 .ARM.attributes
                0x0000073d       0x2e c:/program files (x86)/embitz/1.11/share/em_armgcc/bin/../lib/gcc/arm-none-eabi/5.4.1/../../../../arm-none-eabi/lib/armv7e-m\libg_n.a(lib_a-reent.o)
 .ARM.attributes
                0x0000076b       0x2e c:/program files (x86)/embitz/1.11/share/em_armgcc/bin/../lib/gcc/arm-none-eabi/5.4.1/../../../../arm-none-eabi/lib/armv7e-m\libnosys_s.a(close.o)
 .ARM.attributes
                0x00000799       0x2e c:/program files (x86)/embitz/1.11/share/em_armgcc/bin/../lib/gcc/arm-none-eabi/5.4.1/../../../../arm-none-eabi/lib/armv7e-m\libnosys_s.a(fstat.o)
 .ARM.attributes
                0x000007c7       0x2e c:/program files (x86)/embitz/1.11/share/em_armgcc/bin/../lib/gcc/arm-none-eabi/5.4.1/../../../../arm-none-eabi/lib/armv7e-m\libnosys_s.a(isatty.o)
 .ARM.attributes
                0x000007f5       0x2e c:/program files (x86)/embitz/1.11/share/em_armgcc/bin/../lib/gcc/arm-none-eabi/5.4.1/../../../../arm-none-eabi/lib/armv7e-m\libnosys_s.a(lseek.o)
 .ARM.attributes
                0x00000823       0x2e c:/program files (x86)/embitz/1.11/share/em_armgcc/bin/../lib/gcc/arm-none-eabi/5.4.1/../../../../arm-none-eabi/lib/armv7e-m\libnosys_s.a(read.o)
 .ARM.attributes
                0x00000851       0x2e c:/program files (x86)/embitz/1.11/share/em_armgcc/bin/../lib/gcc/arm-none-eabi/5.4.1/../../../../arm-none-eabi/lib/armv7e-m\libnosys_s.a(sbrk.o)
 .ARM.attributes
                0x0000087f       0x2e c:/program files (x86)/embitz/1.11/share/em_armgcc/bin/../lib/gcc/arm-none-eabi/5.4.1/../../../../arm-none-eabi/lib/armv7e-m\libnosys_s.a(_exit.o)
 .ARM.attributes
                0x000008ad       0x2e c:/program files (x86)/embitz/1.11/share/em_armgcc/bin/../lib/gcc/arm-none-eabi/5.4.1/armv7e-m/crtend.o
 .ARM.attributes
                0x000008db       0x1e c:/program files (x86)/embitz/1.11/share/em_armgcc/bin/../lib/gcc/arm-none-eabi/5.4.1/armv7e-m/crtn.o

.comment        0x00000000       0x6e
 .comment       0x00000000       0x6e obj\debug\spl\src\stm32f30x_adc.o
                                 0x6f (size before relaxing)
 .comment       0x0000006e       0x6f obj\debug\spl\src\stm32f30x_rcc.o
 .comment       0x0000006e       0x6f obj\debug\spl\src\stm32f30x_usart.o
 .comment       0x0000006e       0x6f obj\debug\src\30021_io.o
 .comment       0x0000006e       0x6f obj\debug\src\adc.o
 .comment       0x0000006e       0x6f obj\debug\src\gpio.o
 .comment       0x0000006e       0x6f obj\debug\src\main.o
 .comment       0x0000006e       0x6f obj\debug\src\system_stm32f30x.o

.debug_info     0x00000000     0x4c5a
 .debug_info    0x00000000     0x1327 obj\debug\spl\src\stm32f30x_adc.o
 .debug_info    0x00001327      0xad4 obj\debug\spl\src\stm32f30x_rcc.o
 .debug_info    0x00001dfb      0xecc obj\debug\spl\src\stm32f30x_usart.o
 .debug_info    0x00002cc7      0xd55 obj\debug\src\30021_io.o
 .debug_info    0x00003a1c      0x42f obj\debug\src\adc.o
 .debug_info    0x00003e4b      0x44b obj\debug\src\gpio.o
 .debug_info    0x00004296      0x4d7 obj\debug\src\main.o
 .debug_info    0x0000476d       0x7d obj\debug\src\startup_stm32f30x.o
 .debug_info    0x000047ea      0x470 obj\debug\src\system_stm32f30x.o

.debug_abbrev   0x00000000      0xb76
 .debug_abbrev  0x00000000      0x197 obj\debug\spl\src\stm32f30x_adc.o
 .debug_abbrev  0x00000197      0x1ea obj\debug\spl\src\stm32f30x_rcc.o
 .debug_abbrev  0x00000381      0x15c obj\debug\spl\src\stm32f30x_usart.o
 .debug_abbrev  0x000004dd      0x23b obj\debug\src\30021_io.o
 .debug_abbrev  0x00000718      0x113 obj\debug\src\adc.o
 .debug_abbrev  0x0000082b      0x133 obj\debug\src\gpio.o
 .debug_abbrev  0x0000095e       0xea obj\debug\src\main.o
 .debug_abbrev  0x00000a48       0x14 obj\debug\src\startup_stm32f30x.o
 .debug_abbrev  0x00000a5c      0x11a obj\debug\src\system_stm32f30x.o

.debug_aranges  0x00000000      0x618
 .debug_aranges
                0x00000000      0x210 obj\debug\spl\src\stm32f30x_adc.o
 .debug_aranges
                0x00000210      0x150 obj\debug\spl\src\stm32f30x_rcc.o
 .debug_aranges
                0x00000360      0x1a0 obj\debug\spl\src\stm32f30x_usart.o
 .debug_aranges
                0x00000500       0x38 obj\debug\src\30021_io.o
 .debug_aranges
                0x00000538       0x28 obj\debug\src\adc.o
 .debug_aranges
                0x00000560       0x48 obj\debug\src\gpio.o
 .debug_aranges
                0x000005a8       0x20 obj\debug\src\main.o
 .debug_aranges
                0x000005c8       0x20 obj\debug\src\startup_stm32f30x.o
 .debug_aranges
                0x000005e8       0x30 obj\debug\src\system_stm32f30x.o

.debug_ranges   0x00000000      0x578
 .debug_ranges  0x00000000      0x200 obj\debug\spl\src\stm32f30x_adc.o
 .debug_ranges  0x00000200      0x140 obj\debug\spl\src\stm32f30x_rcc.o
 .debug_ranges  0x00000340      0x190 obj\debug\spl\src\stm32f30x_usart.o
 .debug_ranges  0x000004d0       0x28 obj\debug\src\30021_io.o
 .debug_ranges  0x000004f8       0x18 obj\debug\src\adc.o
 .debug_ranges  0x00000510       0x38 obj\debug\src\gpio.o
 .debug_ranges  0x00000548       0x10 obj\debug\src\main.o
 .debug_ranges  0x00000558       0x20 obj\debug\src\system_stm32f30x.o

.debug_macro    0x00000000     0xeb6b
 .debug_macro   0x00000000      0x1ad obj\debug\spl\src\stm32f30x_adc.o
 .debug_macro   0x000001ad      0x892 obj\debug\spl\src\stm32f30x_adc.o
 .debug_macro   0x00000a3f       0x7e obj\debug\spl\src\stm32f30x_adc.o
 .debug_macro   0x00000abd       0x35 obj\debug\spl\src\stm32f30x_adc.o
 .debug_macro   0x00000af2       0x22 obj\debug\spl\src\stm32f30x_adc.o
 .debug_macro   0x00000b14       0x87 obj\debug\spl\src\stm32f30x_adc.o
 .debug_macro   0x00000b9b       0x44 obj\debug\spl\src\stm32f30x_adc.o
 .debug_macro   0x00000bdf       0xfd obj\debug\spl\src\stm32f30x_adc.o
 .debug_macro   0x00000cdc       0x5e obj\debug\spl\src\stm32f30x_adc.o
 .debug_macro   0x00000d3a      0x1df obj\debug\spl\src\stm32f30x_adc.o
 .debug_macro   0x00000f19       0x18 obj\debug\spl\src\stm32f30x_adc.o
 .debug_macro   0x00000f31       0x42 obj\debug\spl\src\stm32f30x_adc.o
 .debug_macro   0x00000f73      0x8cb obj\debug\spl\src\stm32f30x_adc.o
 .debug_macro   0x0000183e     0x769b obj\debug\spl\src\stm32f30x_adc.o
 .debug_macro   0x00008ed9      0x3c9 obj\debug\spl\src\stm32f30x_adc.o
 .debug_macro   0x000092a2       0x46 obj\debug\spl\src\stm32f30x_adc.o
 .debug_macro   0x000092e8      0x231 obj\debug\spl\src\stm32f30x_adc.o
 .debug_macro   0x00009519      0x196 obj\debug\spl\src\stm32f30x_adc.o
 .debug_macro   0x000096af       0x8e obj\debug\spl\src\stm32f30x_adc.o
 .debug_macro   0x0000973d      0x3a8 obj\debug\spl\src\stm32f30x_adc.o
 .debug_macro   0x00009ae5      0x114 obj\debug\spl\src\stm32f30x_adc.o
 .debug_macro   0x00009bf9      0x1e4 obj\debug\spl\src\stm32f30x_adc.o
 .debug_macro   0x00009ddd      0x1b6 obj\debug\spl\src\stm32f30x_adc.o
 .debug_macro   0x00009f93      0x1df obj\debug\spl\src\stm32f30x_adc.o
 .debug_macro   0x0000a172      0x29a obj\debug\spl\src\stm32f30x_adc.o
 .debug_macro   0x0000a40c       0x70 obj\debug\spl\src\stm32f30x_adc.o
 .debug_macro   0x0000a47c      0x10c obj\debug\spl\src\stm32f30x_adc.o
 .debug_macro   0x0000a588       0xb8 obj\debug\spl\src\stm32f30x_adc.o
 .debug_macro   0x0000a640      0x5c6 obj\debug\spl\src\stm32f30x_adc.o
 .debug_macro   0x0000ac06      0x551 obj\debug\spl\src\stm32f30x_adc.o
 .debug_macro   0x0000b157      0x3ab obj\debug\spl\src\stm32f30x_adc.o
 .debug_macro   0x0000b502      0x8d8 obj\debug\spl\src\stm32f30x_adc.o
 .debug_macro   0x0000bdda      0x364 obj\debug\spl\src\stm32f30x_adc.o
 .debug_macro   0x0000c13e       0x34 obj\debug\spl\src\stm32f30x_adc.o
 .debug_macro   0x0000c172       0x89 obj\debug\spl\src\stm32f30x_adc.o
 .debug_macro   0x0000c1fb       0x35 obj\debug\spl\src\stm32f30x_adc.o
 .debug_macro   0x0000c230      0x5a6 obj\debug\spl\src\stm32f30x_adc.o
 .debug_macro   0x0000c7d6      0x232 obj\debug\spl\src\stm32f30x_rcc.o
 .debug_macro   0x0000ca08      0x5c0 obj\debug\spl\src\stm32f30x_rcc.o
 .debug_macro   0x0000cfc8      0x1ad obj\debug\spl\src\stm32f30x_usart.o
 .debug_macro   0x0000d175      0x35e obj\debug\spl\src\stm32f30x_usart.o
 .debug_macro   0x0000d4d3      0x2d2 obj\debug\src\30021_io.o
 .debug_macro   0x0000d7a5       0x52 obj\debug\src\30021_io.o
 .debug_macro   0x0000d7f7       0x35 obj\debug\src\30021_io.o
 .debug_macro   0x0000d82c       0x9c obj\debug\src\30021_io.o
 .debug_macro   0x0000d8c8       0x16 obj\debug\src\30021_io.o
 .debug_macro   0x0000d8de       0x97 obj\debug\src\30021_io.o
 .debug_macro   0x0000d975      0x30d obj\debug\src\30021_io.o
 .debug_macro   0x0000dc82       0xfd obj\debug\src\30021_io.o
 .debug_macro   0x0000dd7f       0x10 obj\debug\src\30021_io.o
 .debug_macro   0x0000dd8f       0x52 obj\debug\src\30021_io.o
 .debug_macro   0x0000dde1       0x1f obj\debug\src\30021_io.o
 .debug_macro   0x0000de00       0x43 obj\debug\src\30021_io.o
 .debug_macro   0x0000de43       0x20 obj\debug\src\30021_io.o
 .debug_macro   0x0000de63      0x187 obj\debug\src\30021_io.o
 .debug_macro   0x0000dfea       0x10 obj\debug\src\30021_io.o
 .debug_macro   0x0000dffa       0x1c obj\debug\src\30021_io.o
 .debug_macro   0x0000e016       0x52 obj\debug\src\30021_io.o
 .debug_macro   0x0000e068       0x40 obj\debug\src\30021_io.o
 .debug_macro   0x0000e0a8       0x10 obj\debug\src\30021_io.o
 .debug_macro   0x0000e0b8       0x40 obj\debug\src\30021_io.o
 .debug_macro   0x0000e0f8       0xd7 obj\debug\src\30021_io.o
 .debug_macro   0x0000e1cf       0x16 obj\debug\src\30021_io.o
 .debug_macro   0x0000e1e5      0x189 obj\debug\src\30021_io.o
 .debug_macro   0x0000e36e      0x195 obj\debug\src\adc.o
 .debug_macro   0x0000e503      0x19a obj\debug\src\gpio.o
 .debug_macro   0x0000e69d       0x52 obj\debug\src\gpio.o
 .debug_macro   0x0000e6ef      0x2eb obj\debug\src\main.o
 .debug_macro   0x0000e9da      0x191 obj\debug\src\system_stm32f30x.o

.debug_line     0x00000000     0x3475
 .debug_line    0x00000000      0xa20 obj\debug\spl\src\stm32f30x_adc.o
 .debug_line    0x00000a20      0x7e5 obj\debug\spl\src\stm32f30x_rcc.o
 .debug_line    0x00001205      0x86c obj\debug\spl\src\stm32f30x_usart.o
 .debug_line    0x00001a71      0x5cb obj\debug\src\30021_io.o
 .debug_line    0x0000203c      0x493 obj\debug\src\adc.o
 .debug_line    0x000024cf      0x4d3 obj\debug\src\gpio.o
 .debug_line    0x000029a2      0x585 obj\debug\src\main.o
 .debug_line    0x00002f27       0xbb obj\debug\src\startup_stm32f30x.o
 .debug_line    0x00002fe2      0x493 obj\debug\src\system_stm32f30x.o

.debug_str      0x00000000    0x57fdb
 .debug_str     0x00000000    0x52bff obj\debug\spl\src\stm32f30x_adc.o
                              0x52d9e (size before relaxing)
 .debug_str     0x00052bff      0xa51 obj\debug\spl\src\stm32f30x_rcc.o
                              0x52dd2 (size before relaxing)
 .debug_str     0x00053650      0x7ec obj\debug\spl\src\stm32f30x_usart.o
                              0x52ca6 (size before relaxing)
 .debug_str     0x00053e3c     0x3ed2 obj\debug\src\30021_io.o
                              0x5647e (size before relaxing)
 .debug_str     0x00057d0e       0x27 obj\debug\src\adc.o
                              0x52464 (size before relaxing)
 .debug_str     0x00057d35      0x1a4 obj\debug\src\gpio.o
                              0x52562 (size before relaxing)
 .debug_str     0x00057ed9       0x2b obj\debug\src\main.o
                              0x560ae (size before relaxing)
 .debug_str     0x00057f04       0xd7 obj\debug\src\system_stm32f30x.o
                              0x52464 (size before relaxing)

.debug_frame    0x00000000     0x22b0
 .debug_frame   0x00000000      0x9e4 obj\debug\spl\src\stm32f30x_adc.o
 .debug_frame   0x000009e4      0x60c obj\debug\spl\src\stm32f30x_rcc.o
 .debug_frame   0x00000ff0      0x7b0 obj\debug\spl\src\stm32f30x_usart.o
 .debug_frame   0x000017a0       0xa4 obj\debug\src\30021_io.o
 .debug_frame   0x00001844       0x5c obj\debug\src\adc.o
 .debug_frame   0x000018a0       0xf8 obj\debug\src\gpio.o
 .debug_frame   0x00001998       0x30 obj\debug\src\main.o
 .debug_frame   0x000019c8       0x74 obj\debug\src\system_stm32f30x.o
 .debug_frame   0x00001a3c       0x28 c:/program files (x86)/embitz/1.11/share/em_armgcc/bin/../lib/gcc/arm-none-eabi/5.4.1/../../../../arm-none-eabi/lib/armv7e-m\libg_n.a(lib_a-exit.o)
 .debug_frame   0x00001a64       0x2c c:/program files (x86)/embitz/1.11/share/em_armgcc/bin/../lib/gcc/arm-none-eabi/5.4.1/../../../../arm-none-eabi/lib/armv7e-m\libg_n.a(lib_a-init.o)
 .debug_frame   0x00001a90       0x20 c:/program files (x86)/embitz/1.11/share/em_armgcc/bin/../lib/gcc/arm-none-eabi/5.4.1/../../../../arm-none-eabi/lib/armv7e-m\libg_n.a(lib_a-memset.o)
 .debug_frame   0x00001ab0       0x74 c:/program files (x86)/embitz/1.11/share/em_armgcc/bin/../lib/gcc/arm-none-eabi/5.4.1/../../../../arm-none-eabi/lib/armv7e-m\libg_n.a(lib_a-printf.o)
 .debug_frame   0x00001b24       0x20 c:/program files (x86)/embitz/1.11/share/em_armgcc/bin/../lib/gcc/arm-none-eabi/5.4.1/../../../../arm-none-eabi/lib/armv7e-m\libg_n.a(lib_a-setbuf.o)
 .debug_frame   0x00001b44       0x38 c:/program files (x86)/embitz/1.11/share/em_armgcc/bin/../lib/gcc/arm-none-eabi/5.4.1/../../../../arm-none-eabi/lib/armv7e-m\libg_n.a(lib_a-setvbuf.o)
 .debug_frame   0x00001b7c       0x68 c:/program files (x86)/embitz/1.11/share/em_armgcc/bin/../lib/gcc/arm-none-eabi/5.4.1/../../../../arm-none-eabi/lib/armv7e-m\libg_n.a(lib_a-fflush.o)
 .debug_frame   0x00001be4      0x11c c:/program files (x86)/embitz/1.11/share/em_armgcc/bin/../lib/gcc/arm-none-eabi/5.4.1/../../../../arm-none-eabi/lib/armv7e-m\libg_n.a(lib_a-findfp.o)
 .debug_frame   0x00001d00       0x54 c:/program files (x86)/embitz/1.11/share/em_armgcc/bin/../lib/gcc/arm-none-eabi/5.4.1/../../../../arm-none-eabi/lib/armv7e-m\libg_n.a(lib_a-fwalk.o)
 .debug_frame   0x00001d54       0x54 c:/program files (x86)/embitz/1.11/share/em_armgcc/bin/../lib/gcc/arm-none-eabi/5.4.1/../../../../arm-none-eabi/lib/armv7e-m\libg_n.a(lib_a-makebuf.o)
 .debug_frame   0x00001da8       0x30 c:/program files (x86)/embitz/1.11/share/em_armgcc/bin/../lib/gcc/arm-none-eabi/5.4.1/../../../../arm-none-eabi/lib/armv7e-m\libg_n.a(lib_a-malloc.o)
 .debug_frame   0x00001dd8       0x38 c:/program files (x86)/embitz/1.11/share/em_armgcc/bin/../lib/gcc/arm-none-eabi/5.4.1/../../../../arm-none-eabi/lib/armv7e-m\libg_n.a(lib_a-nano-freer.o)
 .debug_frame   0x00001e10       0x2c c:/program files (x86)/embitz/1.11/share/em_armgcc/bin/../lib/gcc/arm-none-eabi/5.4.1/../../../../arm-none-eabi/lib/armv7e-m\libg_n.a(lib_a-nano-mallocr.o)
 .debug_frame   0x00001e3c       0xac c:/program files (x86)/embitz/1.11/share/em_armgcc/bin/../lib/gcc/arm-none-eabi/5.4.1/../../../../arm-none-eabi/lib/armv7e-m\libg_n.a(lib_a-nano-vfprintf.o)
 .debug_frame   0x00001ee8       0x60 c:/program files (x86)/embitz/1.11/share/em_armgcc/bin/../lib/gcc/arm-none-eabi/5.4.1/../../../../arm-none-eabi/lib/armv7e-m\libg_n.a(lib_a-nano-vfprintf_i.o)
 .debug_frame   0x00001f48       0x2c c:/program files (x86)/embitz/1.11/share/em_armgcc/bin/../lib/gcc/arm-none-eabi/5.4.1/../../../../arm-none-eabi/lib/armv7e-m\libg_n.a(lib_a-sbrkr.o)
 .debug_frame   0x00001f74       0x88 c:/program files (x86)/embitz/1.11/share/em_armgcc/bin/../lib/gcc/arm-none-eabi/5.4.1/../../../../arm-none-eabi/lib/armv7e-m\libg_n.a(lib_a-stdio.o)
 .debug_frame   0x00001ffc       0x40 c:/program files (x86)/embitz/1.11/share/em_armgcc/bin/../lib/gcc/arm-none-eabi/5.4.1/../../../../arm-none-eabi/lib/armv7e-m\libg_n.a(lib_a-wbuf.o)
 .debug_frame   0x0000203c       0x2c c:/program files (x86)/embitz/1.11/share/em_armgcc/bin/../lib/gcc/arm-none-eabi/5.4.1/../../../../arm-none-eabi/lib/armv7e-m\libg_n.a(lib_a-wsetup.o)
 .debug_frame   0x00002068       0x2c c:/program files (x86)/embitz/1.11/share/em_armgcc/bin/../lib/gcc/arm-none-eabi/5.4.1/../../../../arm-none-eabi/lib/armv7e-m\libg_n.a(lib_a-closer.o)
 .debug_frame   0x00002094       0x2c c:/program files (x86)/embitz/1.11/share/em_armgcc/bin/../lib/gcc/arm-none-eabi/5.4.1/../../../../arm-none-eabi/lib/armv7e-m\libg_n.a(lib_a-fstatr.o)
 .debug_frame   0x000020c0       0x2c c:/program files (x86)/embitz/1.11/share/em_armgcc/bin/../lib/gcc/arm-none-eabi/5.4.1/../../../../arm-none-eabi/lib/armv7e-m\libg_n.a(lib_a-isattyr.o)
 .debug_frame   0x000020ec       0x2c c:/program files (x86)/embitz/1.11/share/em_armgcc/bin/../lib/gcc/arm-none-eabi/5.4.1/../../../../arm-none-eabi/lib/armv7e-m\libg_n.a(lib_a-lseekr.o)
 .debug_frame   0x00002118       0x30 c:/program files (x86)/embitz/1.11/share/em_armgcc/bin/../lib/gcc/arm-none-eabi/5.4.1/../../../../arm-none-eabi/lib/armv7e-m\libg_n.a(lib_a-mlock.o)
 .debug_frame   0x00002148       0x2c c:/program files (x86)/embitz/1.11/share/em_armgcc/bin/../lib/gcc/arm-none-eabi/5.4.1/../../../../arm-none-eabi/lib/armv7e-m\libg_n.a(lib_a-readr.o)
 .debug_frame   0x00002174       0x5c c:/program files (x86)/embitz/1.11/share/em_armgcc/bin/../lib/gcc/arm-none-eabi/5.4.1/../../../../arm-none-eabi/lib/armv7e-m\libg_n.a(lib_a-reent.o)
 .debug_frame   0x000021d0       0x20 c:/program files (x86)/embitz/1.11/share/em_armgcc/bin/../lib/gcc/arm-none-eabi/5.4.1/../../../../arm-none-eabi/lib/armv7e-m\libnosys_s.a(close.o)
 .debug_frame   0x000021f0       0x20 c:/program files (x86)/embitz/1.11/share/em_armgcc/bin/../lib/gcc/arm-none-eabi/5.4.1/../../../../arm-none-eabi/lib/armv7e-m\libnosys_s.a(fstat.o)
 .debug_frame   0x00002210       0x20 c:/program files (x86)/embitz/1.11/share/em_armgcc/bin/../lib/gcc/arm-none-eabi/5.4.1/../../../../arm-none-eabi/lib/armv7e-m\libnosys_s.a(isatty.o)
 .debug_frame   0x00002230       0x20 c:/program files (x86)/embitz/1.11/share/em_armgcc/bin/../lib/gcc/arm-none-eabi/5.4.1/../../../../arm-none-eabi/lib/armv7e-m\libnosys_s.a(lseek.o)
 .debug_frame   0x00002250       0x20 c:/program files (x86)/embitz/1.11/share/em_armgcc/bin/../lib/gcc/arm-none-eabi/5.4.1/../../../../arm-none-eabi/lib/armv7e-m\libnosys_s.a(read.o)
 .debug_frame   0x00002270       0x20 c:/program files (x86)/embitz/1.11/share/em_armgcc/bin/../lib/gcc/arm-none-eabi/5.4.1/../../../../arm-none-eabi/lib/armv7e-m\libnosys_s.a(sbrk.o)
 .debug_frame   0x00002290       0x20 c:/program files (x86)/embitz/1.11/share/em_armgcc/bin/../lib/gcc/arm-none-eabi/5.4.1/../../../../arm-none-eabi/lib/armv7e-m\libnosys_s.a(_exit.o)

.stab           0x00000000       0x84
 .stab          0x00000000       0x24 c:/program files (x86)/embitz/1.11/share/em_armgcc/bin/../lib/gcc/arm-none-eabi/5.4.1/../../../../arm-none-eabi/lib/armv7e-m\libnosys_s.a(close.o)
 .stab          0x00000024       0x18 c:/program files (x86)/embitz/1.11/share/em_armgcc/bin/../lib/gcc/arm-none-eabi/5.4.1/../../../../arm-none-eabi/lib/armv7e-m\libnosys_s.a(fstat.o)
                                 0x24 (size before relaxing)
 .stab          0x0000003c       0x18 c:/program files (x86)/embitz/1.11/share/em_armgcc/bin/../lib/gcc/arm-none-eabi/5.4.1/../../../../arm-none-eabi/lib/armv7e-m\libnosys_s.a(isatty.o)
                                 0x24 (size before relaxing)
 .stab          0x00000054       0x18 c:/program files (x86)/embitz/1.11/share/em_armgcc/bin/../lib/gcc/arm-none-eabi/5.4.1/../../../../arm-none-eabi/lib/armv7e-m\libnosys_s.a(lseek.o)
                                 0x24 (size before relaxing)
 .stab          0x0000006c       0x18 c:/program files (x86)/embitz/1.11/share/em_armgcc/bin/../lib/gcc/arm-none-eabi/5.4.1/../../../../arm-none-eabi/lib/armv7e-m\libnosys_s.a(read.o)
                                 0x24 (size before relaxing)

.stabstr        0x00000000      0x117
 .stabstr       0x00000000      0x117 c:/program files (x86)/embitz/1.11/share/em_armgcc/bin/../lib/gcc/arm-none-eabi/5.4.1/../../../../arm-none-eabi/lib/armv7e-m\libnosys_s.a(close.o)
